# install nbdime
$ pip install --upgrade
nbdime extensions --enable [--sys-prefix/--user/--system]
$ nbdime extensions --enable --system
jupyter serverextension enable --py nbdime [--sys-prefix/--user/--system]
$ jupyter serverextension enable --py nbdime  --system
jupyter nbextension install --py nbdime [--sym-link] [--sys-prefix/--user/--system]
$ jupyter nbextension install --py nbdime --system
jupyter nbextension enable --py nbdime [--sys-prefix/--user/--system]
$ jupyter nbextension enable --py nbdime --system

# activate the extensions
$ nbdime extensions --enable --system

do it for base and myenv because:

(base)$ which jupyter
/opt/anaconda3/bin/jupyter

$ conda activate myenv
(myenv) chiaras-macbook-pro:memos_git chiaracavallari$ which jupyter
/opt/anaconda3/envs/myenv/bin/jupyter

# diff on a file text
git diff 0f55a57 774a23d
diff --git a/memos_git/nbdime.txt b/memos_git/nbdime.txt
deleted file mode 100644
index 52e6ec3..0000000
--- a/memos_git/nbdime.txt
+++ /dev/null
@@ -1,22 +0,0 @@
-# install nbdime
-$ pip install --upgrade
-nbdime extensions --enable [--sys-prefix/--user/--system]
-$ nbdime extensions --enable --system
-jupyter serverextension enable --py nbdime [--sys-prefix/--user/--system]
-$ jupyter serverextension enable --py nbdime  --system
-jupyter nbextension install --py nbdime [--sym-link] [--sys-prefix/--user/--system]
-$ jupyter nbextension install --py nbdime --system
-jupyter nbextension enable --py nbdime [--sys-prefix/--user/--system]
-$ jupyter nbextension enable --py nbdime --system
-
-# activate the extensions
-$ nbdime extensions --enable --system
-
-do it for base and myenv because:
-
-(base)$ which jupyter
-/opt/anaconda3/bin/jupyter
-
-$ conda activate myenv
-(myenv) chiaras-macbook-pro:memos_git chiaracavallari$ which jupyter
-/opt/anaconda3/envs/myenv/bin/jupyter
(myenv) chiaras-macbook-pro:memos_git chiaracavallari$


# diff on a jupyter
(myenv) chiaras-macbook-pro:JupyNote_arbres chiaracavallari$ git diff 409d9d4 9c9fde1
nbdiff /var/folders/nw/frfx4nd53pvbj1h9wl286x3r0000gn/T//t3k1Fb_Untitled.ipynb /var/folders/nw/frfx4nd53pvbj1h9wl286x3r0000gn/T//v0scFb_Untitled.ipynb
--- /var/folders/nw/frfx4nd53pvbj1h9wl286x3r0000gn/T//t3k1Fb_Untitled.ipynb  2020-11-11 14:58:05.593354
+++ /var/folders/nw/frfx4nd53pvbj1h9wl286x3r0000gn/T//v0scFb_Untitled.ipynb  2020-11-11 14:58:05.593580
## modified /cells/0/source:
@@ -5,5 +5,4 @@
 # $ jupyter nbextension install --py nbdime [--sym-link] [--sys-prefix/--user/--system] # --system, no --sym-link
 # $ jupyter nbextension enable --py nbdime [--sys-prefix/--user/--system]
 # $ i did this also with myenv activated (conda activate my env)
-# $ nbdime extensions --enable [--sys-prefix/--user/--system]
-# my botton is working - just try to modify the text for git

+# $ nbdime extensions --enable [--sys-prefix/--user/--system]


nbdiff /var/folders/nw/frfx4nd53pvbj1h9wl286x3r0000gn/T//WDAP4b_Untitled1.ipynb /dev/null
--- /var/folders/nw/frfx4nd53pvbj1h9wl286x3r0000gn/T//WDAP4b_Untitled1.ipynb  2020-11-11 14:58:06.210876
+++ /dev/null  2020-11-11 14:57:58.350296
## deleted /cells:
-  code cell:
-    execution_count: 1
-    source:
-      # just a little note here about nbdime installation
-      # $ pip install --upgrade nbdime
-      # $ jupyter serverextension enable --py nbdime [--sys-prefix/--user/--system] # --system
-
-      # $ jupyter nbextension install --py nbdime [--sym-link] [--sys-prefix/--user/--system] # --system, no --sym-link
-      # $ jupyter nbextension enable --py nbdime [--sys-prefix/--user/--system]
-      # $ i did this also with myenv activated (conda activate my env)
-      # $ nbdime extensions --enable [--sys-prefix/--user/--system]
-      # my botton is working
-      #little comment here to understand the merge
-  code cell:
-    execution_count: 2
-    source:
-      import panda as pd
-    outputs:
-      output 0:
-        output_type: error
-        ename: ModuleNotFoundError
-        evalue: No module named 'request'
-        traceback:
-          item[0]: ---------------------------------------------------------------------------
-          item[1]: ModuleNotFoundError                       Traceback (most recent call last)
-          item[2]:
-            <ipython-input-2-f542dbfa5144> in <module>
-            ----> 1 import panda as pd
-
-          item[3]:
-            /opt/anaconda3/envs/myenv/lib/python3.8/site-packages/panda/__init__.py in <module>
-            ----> 1 from request import PandaRequest
-                  2 from models import Video, Cloud, Encoding, Profile, Notifications, PandaDict
-                  3 from models import GroupRetriever, SingleRetriever
-                  4 from models import PandaError
-                  5 from upload_session import UploadSession
-          item[4]: ModuleNotFoundError: No module named 'request'
-  code cell:
-    execution_count: 3
-    source:
-      # it is pandas
-  code cell:
-    execution_count: 4
-    source:
-      # this is the good synthax
-      import pandas as pd
-  code cell:

## deleted /metadata:
-  kernelspec:
-    display_name: Python 3
-    language: python
-    name: python3
-  language_info:
-    codemirror_mode:
-      name: ipython
-      version: 3
-    file_extension: .py
-    mimetype: text/x-python
-    name: python
-    nbconvert_exporter: python
-    pygments_lexer: ipython3
-    version: 3.8.5

## deleted /nbformat:
-  4

## deleted /nbformat_minor:
-  4

see screenshot too, using the botton
